1786989503377 320
1786989503439 9280
1786989503503 13184
1786989503567 15952
1786989503629 21616
1786989503694 35248
1786989503771 51792
1786989503839 54496
1786989503903 869408
1786989503972 869776
1786989504039 873760
1786989504101 874752
1786989504165 890560
1786989504226 890736
1786989504293 890368
1786989504358 890416
1786989504423 890416
1786989504483 890432
1786989504553 890448
1786989504627 889680
1786989504698 886304
1786989504762 886256
1786989504826 886256
1786989504891 886272
1786989504955 886272
1786989505017 886272
1786989505084 886288
1786989505151 886272
1786989505214 886272
1786989505282 886272
1786989505346 886272
1786989505412 886288
1786989505473 886288
